// Jest Snapshot v1, https://goo.gl/fbAQLP

exports[`<ListItemsPage /> should render box items Should render a table including itÂ´s data and content 1`] = `
<div>
  <h1>
    Box List
  </h1>
  <div>
    <table>
      <tbody>
        <tr
          class="list-group"
        >
          <th>
            Roy
          </th>
          <th>
            45.00 kilograms
          </th>
          <th
            style="background-color:rgb(255, 0, 0)"
          />
          <th>
             SEK
          </th>
        </tr>
        <tr
          class="list-group"
        >
          <th>
            Bradley
          </th>
          <th>
            8.00 kilograms
          </th>
          <th
            style="background-color:rgb(78,40,24)"
          />
          <th>
             SEK
          </th>
        </tr>
      </tbody>
      <tfoot>
        <tr>
          <th>
            045.008.00
          </th>
          <th>
            NaN
          </th>
        </tr>
      </tfoot>
    </table>
  </div>
</div>
`;
